// Jest Snapshot v1, https://goo.gl/fbAQLP

exports[`can map default state to props 1`] = `
Object {
  "projectsByMonth": Array [],
}
`;
